// Jest Snapshot v1, https://goo.gl/fbAQLP

exports[`SearchInfo Match Snapshot 1`] = `
<div
  className="quickSearch"
>
  <div
    className="title"
  >
    0
     airbnbs available
  </div>
  <div
    className="text"
  >
    test_description
  </div>
</div>
`;
