// Jest Snapshot v1, https://goo.gl/fbAQLP

exports[`Host should render with host name, superhost, stars and reviews 1`] = `
<div
  className="Host"
>
  Steve Powers
   
   · 
  <span>
    313
     reviews ·
    <span
      onMouseEnter={[Function]}
      onMouseLeave={[Function]}
      style={
        Object {
          "direction": "ltr",
          "display": "inline-block",
        }
      }
    >
      <span
        onClick={[Function]}
        onMouseMove={[Function]}
        onTouchEnd={[Function]}
        onTouchMove={[Function]}
        style={
          Object {
            "cursor": "pointer",
            "display": "inline-block",
            "position": "relative",
          }
        }
      >
        <img
          alt=""
          src="gray-star.png"
        />
        <span
          style={
            Object {
              "display": "inline-block",
              "left": 0,
              "overflow": "hidden",
              "position": "absolute",
              "top": 0,
              "width": "100%",
            }
          }
        >
          <img
            alt=""
            src="green-star.png"
          />
        </span>
      </span>
      <span
        onClick={[Function]}
        onMouseMove={[Function]}
        onTouchEnd={[Function]}
        onTouchMove={[Function]}
        style={
          Object {
            "cursor": "pointer",
            "display": "inline-block",
            "position": "relative",
          }
        }
      >
        <img
          alt=""
          src="gray-star.png"
        />
        <span
          style={
            Object {
              "display": "inline-block",
              "left": 0,
              "overflow": "hidden",
              "position": "absolute",
              "top": 0,
              "width": "100%",
            }
          }
        >
          <img
            alt=""
            src="green-star.png"
          />
        </span>
      </span>
      <span
        onClick={[Function]}
        onMouseMove={[Function]}
        onTouchEnd={[Function]}
        onTouchMove={[Function]}
        style={
          Object {
            "cursor": "pointer",
            "display": "inline-block",
            "position": "relative",
          }
        }
      >
        <img
          alt=""
          src="gray-star.png"
        />
        <span
          style={
            Object {
              "display": "inline-block",
              "left": 0,
              "overflow": "hidden",
              "position": "absolute",
              "top": 0,
              "width": "100%",
            }
          }
        >
          <img
            alt=""
            src="green-star.png"
          />
        </span>
      </span>
      <span
        onClick={[Function]}
        onMouseMove={[Function]}
        onTouchEnd={[Function]}
        onTouchMove={[Function]}
        style={
          Object {
            "cursor": "pointer",
            "display": "inline-block",
            "position": "relative",
          }
        }
      >
        <img
          alt=""
          src="gray-star.png"
        />
        <span
          style={
            Object {
              "display": "inline-block",
              "left": 0,
              "overflow": "hidden",
              "position": "absolute",
              "top": 0,
              "width": "100%",
            }
          }
        >
          <img
            alt=""
            src="green-star.png"
          />
        </span>
      </span>
      <span
        onClick={[Function]}
        onMouseMove={[Function]}
        onTouchEnd={[Function]}
        onTouchMove={[Function]}
        style={
          Object {
            "cursor": "pointer",
            "display": "inline-block",
            "position": "relative",
          }
        }
      >
        <img
          alt=""
          src="gray-star.png"
        />
        <span
          style={
            Object {
              "display": "inline-block",
              "left": 0,
              "overflow": "hidden",
              "position": "absolute",
              "top": 0,
              "width": "50%",
            }
          }
        >
          <img
            alt=""
            src="green-star.png"
          />
        </span>
      </span>
    </span>
  </span>
</div>
`;
