// Jest Snapshot v1, https://goo.gl/fbAQLP

exports[`Rating should render with stars and reviews 1`] = `
<span>
  111
   reviews Â·
  <span
    onMouseEnter={[Function]}
    onMouseLeave={[Function]}
    style={
      Object {
        "direction": "ltr",
        "display": "inline-block",
      }
    }
  >
    <span
      onClick={[Function]}
      onMouseMove={[Function]}
      onTouchEnd={[Function]}
      onTouchMove={[Function]}
      style={
        Object {
          "cursor": "pointer",
          "display": "inline-block",
          "position": "relative",
        }
      }
    >
      <img
        alt=""
        src="gray-star.png"
      />
      <span
        style={
          Object {
            "display": "inline-block",
            "left": 0,
            "overflow": "hidden",
            "position": "absolute",
            "top": 0,
            "width": "100%",
          }
        }
      >
        <img
          alt=""
          src="green-star.png"
        />
      </span>
    </span>
    <span
      onClick={[Function]}
      onMouseMove={[Function]}
      onTouchEnd={[Function]}
      onTouchMove={[Function]}
      style={
        Object {
          "cursor": "pointer",
          "display": "inline-block",
          "position": "relative",
        }
      }
    >
      <img
        alt=""
        src="gray-star.png"
      />
      <span
        style={
          Object {
            "display": "inline-block",
            "left": 0,
            "overflow": "hidden",
            "position": "absolute",
            "top": 0,
            "width": "100%",
          }
        }
      >
        <img
          alt=""
          src="green-star.png"
        />
      </span>
    </span>
    <span
      onClick={[Function]}
      onMouseMove={[Function]}
      onTouchEnd={[Function]}
      onTouchMove={[Function]}
      style={
        Object {
          "cursor": "pointer",
          "display": "inline-block",
          "position": "relative",
        }
      }
    >
      <img
        alt=""
        src="gray-star.png"
      />
      <span
        style={
          Object {
            "display": "inline-block",
            "left": 0,
            "overflow": "hidden",
            "position": "absolute",
            "top": 0,
            "width": "100%",
          }
        }
      >
        <img
          alt=""
          src="green-star.png"
        />
      </span>
    </span>
    <span
      onClick={[Function]}
      onMouseMove={[Function]}
      onTouchEnd={[Function]}
      onTouchMove={[Function]}
      style={
        Object {
          "cursor": "pointer",
          "display": "inline-block",
          "position": "relative",
        }
      }
    >
      <img
        alt=""
        src="gray-star.png"
      />
      <span
        style={
          Object {
            "display": "inline-block",
            "left": 0,
            "overflow": "hidden",
            "position": "absolute",
            "top": 0,
            "width": "0%",
          }
        }
      >
        <img
          alt=""
          src="green-star.png"
        />
      </span>
    </span>
    <span
      onClick={[Function]}
      onMouseMove={[Function]}
      onTouchEnd={[Function]}
      onTouchMove={[Function]}
      style={
        Object {
          "cursor": "pointer",
          "display": "inline-block",
          "position": "relative",
        }
      }
    >
      <img
        alt=""
        src="gray-star.png"
      />
      <span
        style={
          Object {
            "display": "inline-block",
            "left": 0,
            "overflow": "hidden",
            "position": "absolute",
            "top": 0,
            "width": "0%",
          }
        }
      >
        <img
          alt=""
          src="green-star.png"
        />
      </span>
    </span>
  </span>
</span>
`;
