// Jest Snapshot v1, https://goo.gl/fbAQLP

exports[`BnbDetails component should render 1`] = `
<div>
  <section
    className="bnb-details"
  >
    <div
      className="media"
    >
      <img
        alt="Centrally-located Manhattan studio"
        src="https://images.unsplash.com/photo-1490806230066-f7e6f7bf5052?ixlib=rb-0.3.5&ixid=eyJhcHBfaWQiOjEyMDd9&s=2ca889535ea01f912f94ac4ddf0034e0&auto=format&fit=crop&w=500&q=80"
        title="Centrally-located Manhattan studio"
      />
    </div>
    <div
      className="content"
    >
      <h2>
        Apartment
         · 
        New York
        , 
        USA
      </h2>
      <h1>
        Centrally-located Manhattan studio
      </h1>
      <p>
        <span
          className="price"
        >
          $
          105
        </span>
         per night  
        <span>
          · 
          Free cancellation
        </span>
      </p>
      <div
        className="bnb-stats"
      >
        <div
          className="rating-data"
        >
          <p>
            Rating: 
            3
             stars / 
            133
             reviews
          </p>
        </div>
        <div
          alt="Robert"
          className="host-info"
          title="Robert"
        >
          <div
            className="host-icon"
          >
            <svg
              fill="none"
              height="24"
              stroke="rgb(130, 110, 85)"
              strokeLinecap="round"
              strokeLinejoin="round"
              strokeWidth="2"
              viewBox="0 0 24 24"
              width="24"
              xmlns="http://www.w3.org/2000/svg"
            >
              <path
                d="M16 21v-2a4 4 0 0 0-4-4H5a4 4 0 0 0-4 4v2"
              />
              <circle
                cx="8.5"
                cy="7"
                r="4"
              />
              <line
                x1="20"
                x2="20"
                y1="8"
                y2="14"
              />
              <line
                x1="23"
                x2="17"
                y1="11"
                y2="11"
              />
            </svg>
          </div>
          <a
            href="/"
          >
            Robert
          </a>
        </div>
      </div>
      <form
        className="book-form"
        onSubmit={[Function]}
      >
        <label>
          <span>
            When do you want to stay?
          </span>
          <input
            onChange={[Function]}
            type="date"
            value=""
          />
        </label>
        <input
          type="submit"
          value="Add to Cart"
        />
      </form>
    </div>
  </section>
</div>
`;
