// Jest Snapshot v1, https://goo.gl/fbAQLP

exports[`<Card /> Snapshot test 1`] = `
<card
  addListingToTheCartHandler={[Function]}
  item={
    Object {
      "host": Object {
        "isSuperhost": true,
        "name": "Robert",
      },
      "houseType": "Apartment",
      "image": "https://images.unsplash.com/photo-1490806230066-f7e6f7bf5052?ixlib=rb-0.3.5&ixid=eyJhcHBfaWQiOjEyMDd9&s=2ca889535ea01f912f94ac4ddf0034e0&auto=format&fit=crop&w=500&q=80",
      "location": Object {
        "city": "New York",
        "country": "USA",
      },
      "payment": Object {
        "cost": 105,
        "description": "Free cancellation",
      },
      "rating": Object {
        "reviews": 133,
        "stars": 3,
      },
      "title": "Centrally-located Manhattan studio",
    }
  }
>
  <div
    style={
      Object {
        "backgroundImage": "url(https://images.unsplash.com/photo-1490806230066-f7e6f7bf5052?ixlib=rb-0.3.5&ixid=eyJhcHBfaWQiOjEyMDd9&s=2ca889535ea01f912f94ac4ddf0034e0&auto=format&fit=crop&w=500&q=80)",
      }
    }
  >
    <div>
      Centrally-located Manhattan studio
    </div>
    <div>
      <div>
        $ 
        105
      </div>
    </div>
    <div>
      <div
        style={
          Object {
            "width": "200px",
          }
        }
      >
        Apartment
      </div>
        
      <star
        starCount={3}
      >
        <div>
          <MdStar
            key="0"
          >
            <IconBase
              viewBox="0 0 40 40"
            >
              <svg
                fill="currentColor"
                height="1em"
                preserveAspectRatio="xMidYMid meet"
                style={
                  Object {
                    "color": undefined,
                    "verticalAlign": "middle",
                  }
                }
                viewBox="0 0 40 40"
                width="1em"
              >
                <g>
                  <path
                    d="m20 28.8l-10.3 6.2 2.7-11.7-9-7.9 11.9-1 4.7-11 4.7 11 11.9 1-9 7.9 2.7 11.7z"
                  />
                </g>
              </svg>
            </IconBase>
          </MdStar>
          <MdStar
            key="1"
          >
            <IconBase
              viewBox="0 0 40 40"
            >
              <svg
                fill="currentColor"
                height="1em"
                preserveAspectRatio="xMidYMid meet"
                style={
                  Object {
                    "color": undefined,
                    "verticalAlign": "middle",
                  }
                }
                viewBox="0 0 40 40"
                width="1em"
              >
                <g>
                  <path
                    d="m20 28.8l-10.3 6.2 2.7-11.7-9-7.9 11.9-1 4.7-11 4.7 11 11.9 1-9 7.9 2.7 11.7z"
                  />
                </g>
              </svg>
            </IconBase>
          </MdStar>
          <MdStar
            key="2"
          >
            <IconBase
              viewBox="0 0 40 40"
            >
              <svg
                fill="currentColor"
                height="1em"
                preserveAspectRatio="xMidYMid meet"
                style={
                  Object {
                    "color": undefined,
                    "verticalAlign": "middle",
                  }
                }
                viewBox="0 0 40 40"
                width="1em"
              >
                <g>
                  <path
                    d="m20 28.8l-10.3 6.2 2.7-11.7-9-7.9 11.9-1 4.7-11 4.7 11 11.9 1-9 7.9 2.7 11.7z"
                  />
                </g>
              </svg>
            </IconBase>
          </MdStar>
        </div>
      </star>
      <span>
        (
        133
        )
      </span>
    </div>
    <div>
      <div>
        New York
        , 
        USA
      </div>
      <div
        style={
          Object {
            "textAlign": "left",
          }
        }
      >
        <div>
          Robert
        </div>
      </div>
      <div
        style={
          Object {
            "textAlign": "right",
          }
        }
      >
        <button
          className="btn btn-default"
          onClick={[Function]}
          style={
            Object {
              "backgroundColor": "#5b5b5b",
              "border": "0px",
              "height": "35px",
              "width": "45px",
            }
          }
          type="button"
        >
          <MdAddShoppingCart
            size={20}
            style={
              Object {
                "color": "#ffffff",
              }
            }
          >
            <IconBase
              size={20}
              style={
                Object {
                  "color": "#ffffff",
                }
              }
              viewBox="0 0 40 40"
            >
              <svg
                fill="currentColor"
                height={20}
                preserveAspectRatio="xMidYMid meet"
                style={
                  Object {
                    "color": "#ffffff",
                    "verticalAlign": "middle",
                  }
                }
                viewBox="0 0 40 40"
                width={20}
              >
                <g>
                  <path
                    d="m12 24.6q0 0.4 0.3 0.4h19.3v3.4h-20q-1.3 0-2.3-1.1t-0.9-2.3q0-0.8 0.4-1.6l2.2-4.1-6-12.7h-3.4v-3.2h5.5q1.6 3.2 3.1 6.6 0.4 0.7 1.8 3.7t2.2 4.7h11.7q5.9-10.7 6.4-11.8l2.9 1.7-6.4 11.6q-0.9 1.7-2.9 1.7h-12.4l-1.5 2.8z m16.4 5.4q1.3 0 2.3 1t0.9 2.4-0.9 2.3-2.3 0.9-2.4-0.9-1-2.3 1-2.4 2.4-1z m-16.8 0q1.4 0 2.4 1t1 2.4-1 2.3-2.4 0.9-2.3-0.9-0.9-2.3 0.9-2.4 2.3-1z m6.8-15v-5h-5v-3.4h5v-5h3.2v5h5v3.4h-5v5h-3.2z"
                  />
                </g>
              </svg>
            </IconBase>
          </MdAddShoppingCart>
        </button>
      </div>
    </div>
  </div>
</card>
`;
