// Jest Snapshot v1, https://goo.gl/fbAQLP

exports[`<NewListingModal /> Snapshot test 1`] = `
<NewListingModal
  handleFormClose={[Function]}
>
  <Modal
    animation={true}
    autoFocus={true}
    backdrop={true}
    bsClass="modal"
    dialogComponentClass={[Function]}
    enforceFocus={true}
    keyboard={true}
    manager={
      ModalManager {
        "add": [Function],
        "containers": Array [],
        "data": Array [],
        "handleContainerOverflow": true,
        "hideSiblingNodes": true,
        "isTopModal": [Function],
        "modals": Array [],
        "remove": [Function],
      }
    }
    onHide={[Function]}
    renderBackdrop={[Function]}
    restoreFocus={true}
    show={false}
  >
    <Modal
      autoFocus={true}
      backdrop={true}
      backdropClassName="modal-backdrop"
      backdropTransition={[Function]}
      containerClassName="modal-open"
      enforceFocus={true}
      keyboard={true}
      manager={
        ModalManager {
          "add": [Function],
          "containers": Array [],
          "data": Array [],
          "handleContainerOverflow": true,
          "hideSiblingNodes": true,
          "isTopModal": [Function],
          "modals": Array [],
          "remove": [Function],
        }
      }
      onEntering={[Function]}
      onExited={[Function]}
      onHide={[Function]}
      renderBackdrop={[Function]}
      restoreFocus={true}
      show={false}
      transition={[Function]}
    />
  </Modal>
</NewListingModal>
`;
